120,1,"ETS88-TH",4,17,"<not specified>","DummyLot","Valued Eagle Customer","ETS1UOJWS00038","2021.2.1002.20","3.04",
125,P,"","WS1","","",
140,1,"C:\Program Files\Eagle Test Systems\Applications\ONSEMI_EPP_SPS_WS\Debug\ONSEMI_EPP_SPS_WS.dll","TemplateProgram_ETS88TH_VS2015","1.0.0","2020/12/19","10/09/2026",1,
140,2,"C:\Program Files\Eagle Test Systems\Applications\ONSEMI_EPP_SPS_WS\ProductDatasheet\EFK_WS\BigFET\EPP_SPS_WS.PDS","EPP_SPS","1.0","10/08/2026","10/09/2026",1,
140,3,"","","","","",1,
140,4,"ONSEMI_EPP_SPS_WS","ONSEMI/EPP_SPS","1.0.0","2020/12/19","10/09/2026",1,
140,5,"","","","","",1,
145,"Software Optimization License: <not enabled>",
145,"APP_INFO",
145,"printSWVersion[A]:",
145,"	PROJECT_NAME: 'ONSEMI_EPP_SPS_WS'",
145,"	PRODUCT_NAME: 'TemplateProgram_ETS88TH_VS2015' PRODUCT_VER: '1.0.0;   2020/12/19'",
145,"	Folder: 'C:\Program Files\Eagle Test Systems\Applications\ONSEMI_EPP_SPS_WS\'",
145,"	MST 2021B.20 (2021.2.1002.20)",
145,"	VS2019 (1929) Compiler v142 Mode: DEBUG x64",
145,"	Teradyne TerMstApp Library 3.2.2.2961",
150,1,"ONSEMI_EPP_SPS_WS-1",0,2,"1A,1B",4,"1,2,3,4",
10,100.0,3,0.900   ,0.200   ,"V","Cont_Vss_VIN_A",ì,ì,
10,101.0,3,0.900   ,0.200   ,"V","Cont_Vss_SW_A",ì,ì,
10,102.0,3,0.900   ,0.200   ,"V","Cont_Vss_PH_A",ì,ì,
10,105.0,3,0.900   ,0.200   ,"V","Cont_Vss_HS_SRC_A",ì,ì,
11,100.1,"","",
11,101.1,"","",
11,102.1,"","",
11,105.1,"","",
5,100.1,"Cont_Vss_VIN_A",
100,100.0,"","P",0.496            ,
5,101.1,"Cont_Vss_SW_A",
100,101.0,"","P",0.496            ,
5,102.1,"Cont_Vss_PH_A",
100,102.0,"","P",0.495            ,
5,105.1,"Cont_Vss_HS_SRC_A",
100,105.0,"ALARM","F",-3.224           ,
130,3,"10/09/2026  09:37:59","1","F",,,6,6,0,1,
5,100.1,"Cont_Vss_VIN_A",
100,100.0,"ALARM","F",-3.223           ,
130,3,"10/09/2026  09:38:12","2","F",,,6,6,0,1,
5,100.1,"Cont_Vss_VIN_A",
100,100.0,"ALARM","F",-3.224           ,
130,3,"10/09/2026  09:38:20","3","F",,,6,6,0,1,
5,100.1,"Cont_Vss_VIN_A",
100,100.0,"ALARM","F",-3.224           ,
130,3,"10/09/2026  09:38:25","4","F",,,6,6,0,1,
5,100.1,"Cont_Vss_VIN_A",
100,100.0,"ALARM","F",-3.224           ,
130,3,"10/09/2026  09:38:32","5","F",,,6,6,0,1,
999,
50,1,"P",0,"PASS",
50,5,"F",0,"OPEN",
50,6,"F",5,"SHORT",
50,7,"F",0,"BOOT",
50,8,"F",0,"VDD",
50,9,"F",0,"VSD",
50,25,"F",0,"IDSS HV",
50,26,"F",0,"FAIL",
50,27,"F",0,"FAIL",
50,28,"F",0,"FAIL",
50,29,"F",0,"FAIL",
50,30,"F",0,"FAIL",
50,31,"F",0,"FAIL",
50,32,"A",0,"ALARM Bin 32",
60,1,"P",0,"PASS",
60,5,"F",0,"OPEN",
60,6,"F",5,"SHORT",
60,7,"F",0,"BOOT",
60,8,"F",0,"VDD",
60,9,"F",0,"VSD",
60,25,"F",0,"IDSS HV",
60,26,"F",0,"FAIL",
60,27,"F",0,"FAIL",
60,28,"F",0,"FAIL",
60,29,"F",0,"FAIL",
60,30,"F",0,"FAIL",
60,31,"F",0,"FAIL",
60,32,"A",0,"ALARM Bin 32",
2,1.-1,"Cont_Vss_VIN_A",1,4,
1,100.0,"Cont_Vss_VIN_A",1,4,
2,2.-1,"Cont_Vss_SW_A",1,0,
1,101.0,"Cont_Vss_SW_A",1,0,
2,3.-1,"Cont_Vss_PH_A",1,0,
1,102.0,"Cont_Vss_PH_A",1,0,
2,4.-1,"Cont_Vss_HS_SRC_A",0,1,
1,105.0,"Cont_Vss_HS_SRC_A",0,1,
2,5.-1,"Cont_Vss_LG_A",0,0,
2,6.-1,"Cont_Vss_BST_A",0,0,
2,7.-1,"Cont_Vss_VDD_A",0,0,
2,8.-1,"Cont_Vss_IOUT_A",0,0,
2,9.-1,"Cont_Vss_TOUT_A",0,0,
2,10.-1,"Cont_Vss_EN_A",0,0,
2,11.-1,"Cont_Vss_PWM_A",0,0,
2,12.-1,"Cont_Vss_VIN_B",0,0,
2,13.-1,"Cont_Vss_SW_B",0,0,
2,14.-1,"Cont_Vss_PH_B",0,0,
2,15.-1,"Cont_Vss_HS_SRC_B",0,0,
2,16.-1,"Cont_Vss_LG_B",0,0,
2,17.-1,"Cont_Vss_BST_B",0,0,
2,18.-1,"Cont_Vss_VDD_B",0,0,
2,19.-1,"Cont_Vss_IOUT_B",0,0,
2,20.-1,"Cont_VSS_TOUT_B",0,0,
2,21.-1,"Cont_Vss_EN_B",0,0,
2,22.-1,"Cont_Vss_PWM_B",0,0,
2,23.-1,"Boot_A_Fwd_Voltage",0,0,
2,24.-1,"Boot_B_Fwd_Voltage",0,0,
2,25.-1,"VDD_A_Shutdown_Current",0,0,
2,26.-1,"VDD_A_Active_Current",0,0,
2,27.-1,"VDD_B_Shutdown_Current",0,0,
2,28.-1,"VDD_B_Active_Current",0,0,
2,29.-1,"VDD_A_Shutdown_Curr",0,0,
2,30.-1,"HS_VSD_A",0,0,
2,31.-1,"LS_VSD_A",0,0,
2,32.-1,"HS_VSD_B",0,0,
2,33.-1,"LS_VSD_B",0,0,
3,5,0,0,38843,0,
250,1,1,0,
250,1,5,0,
250,1,6,0,
250,1,7,0,
250,1,8,0,
250,1,9,0,
250,1,25,0,
250,1,26,0,
250,1,27,0,
250,1,28,0,
250,1,29,0,
250,1,30,0,
250,1,31,0,
250,1,32,0,
260,1,1,0,
260,1,5,0,
260,1,6,0,
260,1,7,0,
260,1,8,0,
260,1,9,0,
260,1,25,0,
260,1,26,0,
260,1,27,0,
260,1,28,0,
260,1,29,0,
260,1,30,0,
260,1,31,0,
260,1,32,0,
202,1,1.-1,0,0,
202,1,2.-1,0,0,
202,1,3.-1,0,0,
202,1,4.-1,0,0,
202,1,5.-1,0,0,
202,1,6.-1,0,0,
202,1,7.-1,0,0,
202,1,8.-1,0,0,
202,1,9.-1,0,0,
202,1,10.-1,0,0,
202,1,11.-1,0,0,
202,1,12.-1,0,0,
202,1,13.-1,0,0,
202,1,14.-1,0,0,
202,1,15.-1,0,0,
202,1,16.-1,0,0,
202,1,17.-1,0,0,
202,1,18.-1,0,0,
202,1,19.-1,0,0,
202,1,20.-1,0,0,
202,1,21.-1,0,0,
202,1,22.-1,0,0,
202,1,23.-1,0,0,
202,1,24.-1,0,0,
202,1,25.-1,0,0,
202,1,26.-1,0,0,
202,1,27.-1,0,0,
202,1,28.-1,0,0,
202,1,29.-1,0,0,
202,1,30.-1,0,0,
202,1,31.-1,0,0,
202,1,32.-1,0,0,
202,1,33.-1,0,0,
203,1,0,0,0,
250,2,1,0,
250,2,5,0,
250,2,6,0,
250,2,7,0,
250,2,8,0,
250,2,9,0,
250,2,25,0,
250,2,26,0,
250,2,27,0,
250,2,28,0,
250,2,29,0,
250,2,30,0,
250,2,31,0,
250,2,32,0,
260,2,1,0,
260,2,5,0,
260,2,6,0,
260,2,7,0,
260,2,8,0,
260,2,9,0,
260,2,25,0,
260,2,26,0,
260,2,27,0,
260,2,28,0,
260,2,29,0,
260,2,30,0,
260,2,31,0,
260,2,32,0,
202,2,1.-1,0,0,
202,2,2.-1,0,0,
202,2,3.-1,0,0,
202,2,4.-1,0,0,
202,2,5.-1,0,0,
202,2,6.-1,0,0,
202,2,7.-1,0,0,
202,2,8.-1,0,0,
202,2,9.-1,0,0,
202,2,10.-1,0,0,
202,2,11.-1,0,0,
202,2,12.-1,0,0,
202,2,13.-1,0,0,
202,2,14.-1,0,0,
202,2,15.-1,0,0,
202,2,16.-1,0,0,
202,2,17.-1,0,0,
202,2,18.-1,0,0,
202,2,19.-1,0,0,
202,2,20.-1,0,0,
202,2,21.-1,0,0,
202,2,22.-1,0,0,
202,2,23.-1,0,0,
202,2,24.-1,0,0,
202,2,25.-1,0,0,
202,2,26.-1,0,0,
202,2,27.-1,0,0,
202,2,28.-1,0,0,
202,2,29.-1,0,0,
202,2,30.-1,0,0,
202,2,31.-1,0,0,
202,2,32.-1,0,0,
202,2,33.-1,0,0,
203,2,0,0,0,
250,3,1,0,
250,3,5,0,
250,3,6,5,
250,3,7,0,
250,3,8,0,
250,3,9,0,
250,3,25,0,
250,3,26,0,
250,3,27,0,
250,3,28,0,
250,3,29,0,
250,3,30,0,
250,3,31,0,
250,3,32,0,
260,3,1,0,
260,3,5,0,
260,3,6,5,
260,3,7,0,
260,3,8,0,
260,3,9,0,
260,3,25,0,
260,3,26,0,
260,3,27,0,
260,3,28,0,
260,3,29,0,
260,3,30,0,
260,3,31,0,
260,3,32,0,
202,3,1.-1,1,4,
201,3,100.0,1,4,
202,3,2.-1,1,0,
201,3,101.0,1,0,
202,3,3.-1,1,0,
201,3,102.0,1,0,
202,3,4.-1,0,1,
201,3,105.0,0,1,
202,3,5.-1,0,0,
202,3,6.-1,0,0,
202,3,7.-1,0,0,
202,3,8.-1,0,0,
202,3,9.-1,0,0,
202,3,10.-1,0,0,
202,3,11.-1,0,0,
202,3,12.-1,0,0,
202,3,13.-1,0,0,
202,3,14.-1,0,0,
202,3,15.-1,0,0,
202,3,16.-1,0,0,
202,3,17.-1,0,0,
202,3,18.-1,0,0,
202,3,19.-1,0,0,
202,3,20.-1,0,0,
202,3,21.-1,0,0,
202,3,22.-1,0,0,
202,3,23.-1,0,0,
202,3,24.-1,0,0,
202,3,25.-1,0,0,
202,3,26.-1,0,0,
202,3,27.-1,0,0,
202,3,28.-1,0,0,
202,3,29.-1,0,0,
202,3,30.-1,0,0,
202,3,31.-1,0,0,
202,3,32.-1,0,0,
202,3,33.-1,0,0,
203,3,5,0,0,
250,4,1,0,
250,4,5,0,
250,4,6,0,
250,4,7,0,
250,4,8,0,
250,4,9,0,
250,4,25,0,
250,4,26,0,
250,4,27,0,
250,4,28,0,
250,4,29,0,
250,4,30,0,
250,4,31,0,
250,4,32,0,
260,4,1,0,
260,4,5,0,
260,4,6,0,
260,4,7,0,
260,4,8,0,
260,4,9,0,
260,4,25,0,
260,4,26,0,
260,4,27,0,
260,4,28,0,
260,4,29,0,
260,4,30,0,
260,4,31,0,
260,4,32,0,
202,4,1.-1,0,0,
202,4,2.-1,0,0,
202,4,3.-1,0,0,
202,4,4.-1,0,0,
202,4,5.-1,0,0,
202,4,6.-1,0,0,
202,4,7.-1,0,0,
202,4,8.-1,0,0,
202,4,9.-1,0,0,
202,4,10.-1,0,0,
202,4,11.-1,0,0,
202,4,12.-1,0,0,
202,4,13.-1,0,0,
202,4,14.-1,0,0,
202,4,15.-1,0,0,
202,4,16.-1,0,0,
202,4,17.-1,0,0,
202,4,18.-1,0,0,
202,4,19.-1,0,0,
202,4,20.-1,0,0,
202,4,21.-1,0,0,
202,4,22.-1,0,0,
202,4,23.-1,0,0,
202,4,24.-1,0,0,
202,4,25.-1,0,0,
202,4,26.-1,0,0,
202,4,27.-1,0,0,
202,4,28.-1,0,0,
202,4,29.-1,0,0,
202,4,30.-1,0,0,
202,4,31.-1,0,0,
202,4,32.-1,0,0,
202,4,33.-1,0,0,
203,4,0,0,0,
300,-1,100.0,5,-2.480           ,1.663            ,-3.224           ,0.496            ,
301,-1,100.0,12,0,0,4,5,1,
300,-1,101.0,1,0.496            ,0.000            ,0.496            ,0.496            ,
301,-1,101.0,12,0,5,1,
300,-1,102.0,1,0.495            ,0.000            ,0.495            ,0.495            ,
301,-1,102.0,12,0,5,1,
300,-1,105.0,1,-3.224           ,0.000            ,-3.224           ,-3.224           ,
301,-1,105.0,12,0,0,1,
300,3,100.0,5,-2.480           ,1.663            ,-3.224           ,0.496            ,
300,3,101.0,1,0.496            ,0.000            ,0.496            ,0.496            ,
300,3,102.0,1,0.495            ,0.000            ,0.495            ,0.495            ,
300,3,105.0,1,-3.224           ,0.000            ,-3.224           ,-3.224           ,
30,"10/09/2026  09:37:59","10/09/2026  09:38:41",
