120,1,"ETS88-TH",4,8,"<not specified>","DummyLot","Valued Eagle Customer","ETS1UOJWS00038","2021.2.1002.20","3.04",
125,P,"","WS1","","",
140,1,"C:\Program Files\Eagle Test Systems\Applications\ONSEMI_EPP_SPS_WS\Debug\ONSEMI_EPP_SPS_WS.dll","TemplateProgram_ETS88TH_VS2015","1.0.0","2020/12/19","10/08/2026",1,
140,2,"C:\Program Files\Eagle Test Systems\Applications\ONSEMI_EPP_SPS_WS\ProductDatasheet\EFK_WS\BigFET\EPP_SPS_WS_R2.PDS","EPP_SPS","1.0","10/08/2026","10/08/2026",1,
140,3,"","","","","",1,
140,4,"ONSEMI_EPP_SPS_WS","ONSEMI/EPP_SPS","1.0.0","2020/12/19","10/08/2026",1,
140,5,"","","","","",1,
145,"Software Optimization License: <not enabled>",
145,"APP_INFO",
145,"printSWVersion[A]:",
145,"	PROJECT_NAME: 'ONSEMI_EPP_SPS_WS'",
145,"	PRODUCT_NAME: 'TemplateProgram_ETS88TH_VS2015' PRODUCT_VER: '1.0.0;   2020/12/19'",
145,"	Folder: 'C:\Program Files\Eagle Test Systems\Applications\ONSEMI_EPP_SPS_WS\'",
145,"	MST 2021B.20 (2021.2.1002.20)",
145,"	VS2019 (1929) Compiler v142 Mode: DEBUG x64",
145,"	Teradyne TerMstApp Library 3.2.2.2961",
150,1,"ONSEMI_EPP_SPS_WS-1",0,2,"1A,1B",4,"1,2,3,4",
10,430.0,3,2.200   ,0.200   ,"V","LS_B_VSD",ì,ì,
11,430.1,"","",
5,430.1,"VSD",
100,430.0,"","P",0.493   ,
130,3,"10/08/2026  17:43:25","1","P",,,1,1,0,1,
5,430.1,"VSD",
100,430.0,"","P",0.493   ,
130,3,"10/08/2026  17:44:26","2","P",,,1,1,0,1,
5,430.1,"VSD",
100,430.0,"","P",0.493   ,
130,3,"10/08/2026  17:44:26","3","P",,,1,1,0,1,
5,430.1,"VSD",
100,430.0,"","P",0.493   ,
130,3,"10/08/2026  17:44:27","4","P",,,1,1,0,1,
5,430.1,"VSD",
100,430.0,"","P",0.493   ,
130,3,"10/08/2026  17:44:28","5","P",,,1,1,0,1,
5,430.1,"VSD",
100,430.0,"","P",0.493   ,
130,3,"10/08/2026  17:44:28","6","P",,,1,1,0,1,
5,430.1,"VSD",
100,430.0,"","P",0.493   ,
130,3,"10/08/2026  17:44:29","7","P",,,1,1,0,1,
5,430.1,"VSD",
100,430.0,"","P",0.493   ,
130,3,"10/08/2026  17:44:29","8","P",,,1,1,0,1,
5,430.1,"VSD",
100,430.0,"","P",0.493   ,
130,3,"10/08/2026  17:44:44","9","P",,,1,1,0,1,
5,430.1,"VSD",
100,430.0,"","P",0.493   ,
130,3,"10/08/2026  17:44:46","10","P",,,1,1,0,1,
5,430.1,"VSD",
100,430.0,"","P",0.493   ,
130,3,"10/08/2026  17:44:48","11","P",,,1,1,0,1,
5,430.1,"VSD",
100,430.0,"","P",0.493   ,
130,3,"10/08/2026  17:44:50","12","P",,,1,1,0,1,
5,430.1,"VSD",
100,430.0,"","P",0.493   ,
130,3,"10/08/2026  17:44:52","13","P",,,1,1,0,1,
5,430.1,"VSD",
100,430.0,"","P",0.493   ,
130,3,"10/08/2026  17:44:54","14","P",,,1,1,0,1,
5,430.1,"VSD",
100,430.0,"","P",0.493   ,
130,3,"10/08/2026  17:44:57","15","P",,,1,1,0,1,
5,430.1,"VSD",
100,430.0,"","P",0.493   ,
130,3,"10/08/2026  17:44:59","16","P",,,1,1,0,1,
5,430.1,"VSD",
100,430.0,"","P",0.493   ,
130,3,"10/08/2026  17:45:01","17","P",,,1,1,0,1,
5,430.1,"VSD",
100,430.0,"","P",0.493   ,
130,3,"10/08/2026  17:45:03","18","P",,,1,1,0,1,
999,
50,1,"P",18,"PASS",
50,2,"F",0,"SUB_VTH (Low current Vth)",
50,3,"F",0,"IGSSpre",
50,4,"F",0,"RDSON HIGH",
50,5,"F",0,"RDSON LOW",
50,6,"F",0,"BVDSS DELTA",
50,7,"F",0,"CONT",
50,8,"F",0,"VTH LOW",
50,9,"F",0,"VTH HIGH",
50,10,"F",0,"IDSS",
50,11,"F",0,"VP DEL",
50,12,"F",0,"BVDSS L or BVDSS",
50,13,"F",0,"BVCES H or BVCEX/ICEX",
50,14,"F",0,"SHORT(IGSS_50V)",
50,15,"F",0,"HVP/VCESAT DEL",
50,16,"F",0,"RG or SUBVTH DEL",
50,17,"F",0,"IGSS/ISGS DEL",
50,18,"F",0,"IDSS DEL",
50,19,"F",0,"IGSS POST",
50,20,"F",0,"ISGS",
50,21,"F",0,"IMAX",
50,22,"F",0,"VRTS",
50,23,"F",0,"RCSE",
50,24,"F",0,"VTH DELTA",
50,25,"F",0,"IDSS HV",
50,26,"F",0,"FAIL",
50,27,"F",0,"FAIL",
50,28,"F",0,"FAIL",
50,29,"F",0,"FAIL",
50,30,"F",0,"FAIL",
50,31,"F",0,"FAIL",
50,32,"A",0,"ALARM Bin 32",
60,1,"P",18,"PASS",
60,2,"F",0,"SUB_VTH (Low current Vth)",
60,3,"F",0,"IGSSpre",
60,4,"F",0,"RDSON HIGH",
60,5,"F",0,"RDSON LOW",
60,6,"F",0,"BVDSS DELTA",
60,7,"F",0,"CONT",
60,8,"F",0,"VTH LOW",
60,9,"F",0,"VTH HIGH",
60,10,"F",0,"IDSS",
60,11,"F",0,"VP DEL",
60,12,"F",0,"BVDSS L or BVDSS",
60,13,"F",0,"BVCES H or BVCEX/ICEX",
60,14,"F",0,"SHORT(IGSS_50V)",
60,15,"F",0,"HVP/VCESAT DEL",
60,16,"F",0,"RG or SUBVTH DEL",
60,17,"F",0,"IGSS/ISGS DEL",
60,18,"F",0,"IDSS DEL",
60,19,"F",0,"IGSS POST",
60,20,"F",0,"ISGS",
60,21,"F",0,"IMAX",
60,22,"F",0,"VRTS",
60,23,"F",0,"RCSE",
60,24,"F",0,"VTH DELTA",
60,25,"F",0,"IDSS HV",
60,26,"F",0,"FAIL",
60,27,"F",0,"FAIL",
60,28,"F",0,"FAIL",
60,29,"F",0,"FAIL",
60,30,"F",0,"FAIL",
60,31,"F",0,"FAIL",
60,32,"A",0,"ALARM Bin 32",
2,1.-1,"VSD",18,0,
1,430.0,"LS_B_VSD",18,0,
3,18,18,23990,0,0,
250,1,1,0,
250,1,2,0,
250,1,3,0,
250,1,4,0,
250,1,5,0,
250,1,6,0,
250,1,7,0,
250,1,8,0,
250,1,9,0,
250,1,10,0,
250,1,11,0,
250,1,12,0,
250,1,13,0,
250,1,14,0,
250,1,15,0,
250,1,16,0,
250,1,17,0,
250,1,18,0,
250,1,19,0,
250,1,20,0,
250,1,21,0,
250,1,22,0,
250,1,23,0,
250,1,24,0,
250,1,25,0,
250,1,26,0,
250,1,27,0,
250,1,28,0,
250,1,29,0,
250,1,30,0,
250,1,31,0,
250,1,32,0,
260,1,1,0,
260,1,2,0,
260,1,3,0,
260,1,4,0,
260,1,5,0,
260,1,6,0,
260,1,7,0,
260,1,8,0,
260,1,9,0,
260,1,10,0,
260,1,11,0,
260,1,12,0,
260,1,13,0,
260,1,14,0,
260,1,15,0,
260,1,16,0,
260,1,17,0,
260,1,18,0,
260,1,19,0,
260,1,20,0,
260,1,21,0,
260,1,22,0,
260,1,23,0,
260,1,24,0,
260,1,25,0,
260,1,26,0,
260,1,27,0,
260,1,28,0,
260,1,29,0,
260,1,30,0,
260,1,31,0,
260,1,32,0,
202,1,1.-1,0,0,
203,1,0,0,0,
250,2,1,0,
250,2,2,0,
250,2,3,0,
250,2,4,0,
250,2,5,0,
250,2,6,0,
250,2,7,0,
250,2,8,0,
250,2,9,0,
250,2,10,0,
250,2,11,0,
250,2,12,0,
250,2,13,0,
250,2,14,0,
250,2,15,0,
250,2,16,0,
250,2,17,0,
250,2,18,0,
250,2,19,0,
250,2,20,0,
250,2,21,0,
250,2,22,0,
250,2,23,0,
250,2,24,0,
250,2,25,0,
250,2,26,0,
250,2,27,0,
250,2,28,0,
250,2,29,0,
250,2,30,0,
250,2,31,0,
250,2,32,0,
260,2,1,0,
260,2,2,0,
260,2,3,0,
260,2,4,0,
260,2,5,0,
260,2,6,0,
260,2,7,0,
260,2,8,0,
260,2,9,0,
260,2,10,0,
260,2,11,0,
260,2,12,0,
260,2,13,0,
260,2,14,0,
260,2,15,0,
260,2,16,0,
260,2,17,0,
260,2,18,0,
260,2,19,0,
260,2,20,0,
260,2,21,0,
260,2,22,0,
260,2,23,0,
260,2,24,0,
260,2,25,0,
260,2,26,0,
260,2,27,0,
260,2,28,0,
260,2,29,0,
260,2,30,0,
260,2,31,0,
260,2,32,0,
202,2,1.-1,0,0,
203,2,0,0,0,
250,3,1,18,
250,3,2,0,
250,3,3,0,
250,3,4,0,
250,3,5,0,
250,3,6,0,
250,3,7,0,
250,3,8,0,
250,3,9,0,
250,3,10,0,
250,3,11,0,
250,3,12,0,
250,3,13,0,
250,3,14,0,
250,3,15,0,
250,3,16,0,
250,3,17,0,
250,3,18,0,
250,3,19,0,
250,3,20,0,
250,3,21,0,
250,3,22,0,
250,3,23,0,
250,3,24,0,
250,3,25,0,
250,3,26,0,
250,3,27,0,
250,3,28,0,
250,3,29,0,
250,3,30,0,
250,3,31,0,
250,3,32,0,
260,3,1,18,
260,3,2,0,
260,3,3,0,
260,3,4,0,
260,3,5,0,
260,3,6,0,
260,3,7,0,
260,3,8,0,
260,3,9,0,
260,3,10,0,
260,3,11,0,
260,3,12,0,
260,3,13,0,
260,3,14,0,
260,3,15,0,
260,3,16,0,
260,3,17,0,
260,3,18,0,
260,3,19,0,
260,3,20,0,
260,3,21,0,
260,3,22,0,
260,3,23,0,
260,3,24,0,
260,3,25,0,
260,3,26,0,
260,3,27,0,
260,3,28,0,
260,3,29,0,
260,3,30,0,
260,3,31,0,
260,3,32,0,
202,3,1.-1,18,0,
201,3,430.0,18,0,
203,3,18,18,0,
250,4,1,0,
250,4,2,0,
250,4,3,0,
250,4,4,0,
250,4,5,0,
250,4,6,0,
250,4,7,0,
250,4,8,0,
250,4,9,0,
250,4,10,0,
250,4,11,0,
250,4,12,0,
250,4,13,0,
250,4,14,0,
250,4,15,0,
250,4,16,0,
250,4,17,0,
250,4,18,0,
250,4,19,0,
250,4,20,0,
250,4,21,0,
250,4,22,0,
250,4,23,0,
250,4,24,0,
250,4,25,0,
250,4,26,0,
250,4,27,0,
250,4,28,0,
250,4,29,0,
250,4,30,0,
250,4,31,0,
250,4,32,0,
260,4,1,0,
260,4,2,0,
260,4,3,0,
260,4,4,0,
260,4,5,0,
260,4,6,0,
260,4,7,0,
260,4,8,0,
260,4,9,0,
260,4,10,0,
260,4,11,0,
260,4,12,0,
260,4,13,0,
260,4,14,0,
260,4,15,0,
260,4,16,0,
260,4,17,0,
260,4,18,0,
260,4,19,0,
260,4,20,0,
260,4,21,0,
260,4,22,0,
260,4,23,0,
260,4,24,0,
260,4,25,0,
260,4,26,0,
260,4,27,0,
260,4,28,0,
260,4,29,0,
260,4,30,0,
260,4,31,0,
260,4,32,0,
202,4,1.-1,0,0,
203,4,0,0,0,
300,-1,430.0,18,0.493   ,0.000   ,0.493   ,0.493   ,
301,-1,430.0,12,0,2,18,
300,3,430.0,18,0.493   ,0.000   ,0.493   ,0.493   ,
30,"10/08/2026  17:43:25","10/08/2026  17:51:09",
